============================================================
DOCUMENT CONVERSION WITH JSON OUTPUT TEST
============================================================

Configuration loaded:
  Save JSON: True
  JSON dir: ./data/json
  Markdown dir: ./data/markdown

Initializing converter...
Traceback (most recent call last):
  File "c:\projects\aidocsbackend\test_convert_with_json.py", line 67, in <module>
    main()
    ~~~~^^
  File "c:\projects\aidocsbackend\test_convert_with_json.py", line 28, in main
    converter = DocumentConverter(
        config=config,
        enable_ocr_enhancement=False  # Disable OCR for faster test
    )
  File "c:\projects\aidocsbackend\rag_indexer\docling_processor\document_converter.py", line 42, in __init__
    self.docling = self._init_docling_converter()
                   ~~~~~~~~~~~~~~~~~~~~~~~~~~~~^^
  File "c:\projects\aidocsbackend\rag_indexer\docling_processor\document_converter.py", line 89, in _init_docling_converter
    print("\U0001f527 Initializing Docling 2.x converter...")
    ~~~~~^^^^^^^^^^^^^^^^^^^^^^^^^^^^^^^^^^^^^^^^^^^^
  File "C:\Python313\Lib\encodings\cp1252.py", line 19, in encode
    return codecs.charmap_encode(input,self.errors,encoding_table)[0]
           ~~~~~~~~~~~~~~~~~~~~~^^^^^^^^^^^^^^^^^^^^^^^^^^^^^^^^^^
UnicodeEncodeError: 'charmap' codec can't encode character '\U0001f527' in position 0: character maps to <undefined>
